// Objective-C API for talking to customprefix Go package.
//   gobind -lang=objc -prefix="EX" customprefix
//
// File is generated by gobind. Do not edit.

#ifndef __GO_customprefix_H__
#define __GO_customprefix_H__

#include <stdint.h>
#include <objc/objc.h>
#endif
