// Code generated by gobind. DO NOT EDIT.

// JNI function headers for the Go <=> Java bridge.
//
//   autogenerated by gobind -lang=java -javapkg=com.example customprefix

#ifndef __Customprefix_H__
#define __Customprefix_H__

#include <jni.h>

#endif
