// Objective-C API for talking to customprefix Go package.
//   gobind -lang=objc customprefix
//
// File is generated by gobind. Do not edit.

#ifndef __Customprefix_H__
#define __Customprefix_H__

@import Foundation;
#include "ref.h"
#include "Universe.objc.h"


FOUNDATION_EXPORT void CustomprefixF(void);

#endif
