// Objective-C API for talking to doc Go package.
//   gobind -lang=objc doc
//
// File is generated by gobind. Do not edit.

#ifndef __GO_doc_H__
#define __GO_doc_H__

#include <stdint.h>
#include <objc/objc.h>
void cproxydoc_I_IM(int32_t refnum);

#endif
