// JNI function headers for the Go <=> Java bridge.
//   gobind -lang=java doc
//
// File is generated by gobind. Do not edit.

#ifndef __Doc_H__
#define __Doc_H__

#include <jni.h>

extern jclass proxy_class_doc_I;
extern jmethodID proxy_class_doc_I_cons;

void cproxydoc_I_IM(int32_t refnum);

extern jclass proxy_class_doc_NoDoc;
extern jmethodID proxy_class_doc_NoDoc_cons;
extern jclass proxy_class_doc_S;
extern jmethodID proxy_class_doc_S_cons;
extern jclass proxy_class_doc_S2;
extern jmethodID proxy_class_doc_S2_cons;
#endif
