// Objective-C API for talking to issue12328 Go package.
//   gobind -lang=objc issue12328
//
// File is generated by gobind. Do not edit.

#ifndef __Issue12328_H__
#define __Issue12328_H__

@import Foundation;
#include "Universe.objc.h"


@class Issue12328T;

@interface Issue12328T : NSObject <goSeqRefInterface> {
}
@property(strong, readonly) id _ref;

- (instancetype)initWithRef:(id)ref;
- (instancetype)init;
- (NSError*)err;
- (void)setErr:(NSError*)v;
@end

#endif
