// Code generated by gobind. DO NOT EDIT.

// JNI function headers for the Go <=> Java bridge.
//
//   autogenerated by gobind -lang=java issue12328

#ifndef __Issue12328_H__
#define __Issue12328_H__

#include <jni.h>

extern jclass proxy_class_issue12328_T;
extern jmethodID proxy_class_issue12328_T_cons;
#endif
