// Objective-C API for talking to issue29559 Go package.
//   gobind -lang=objc issue29559
//
// File is generated by gobind. Do not edit.

#ifndef __GO_issue29559_H__
#define __GO_issue29559_H__

#include <stdint.h>
#include <objc/objc.h>
#endif
