// JNI function headers for the Go <=> Java bridge.
//   gobind -lang=java structs
//
// File is generated by gobind. Do not edit.

#ifndef __Structs_H__
#define __Structs_H__

#include <jni.h>

void cproxystructs_I_M(int32_t refnum);

#endif
