// Code generated by gobind. DO NOT EDIT.

// JNI function headers for the Go <=> Java bridge.
//
//   autogenerated by gobind -lang=java try

#ifndef __Try_H__
#define __Try_H__

#include <jni.h>

#endif
