// Objective-C API for talking to underscores Go package.
//   gobind -lang=objc underscores
//
// File is generated by gobind. Do not edit.

#ifndef __GO_underscore_pkg_H__
#define __GO_underscore_pkg_H__

#include <stdint.h>
#include <objc/objc.h>
#endif
